// Jest Snapshot v1, https://goo.gl/fbAQLP

exports[`nav matches snapshot 1`] = `
<nav
  class="navbar navbar-expand-lg navbar-light bg-light"
>
  <div
    class="navbar"
    id="navbarNav"
  >
    <ul
      class="navbar-nav"
    >
      <li
        class="nav-item active"
      >
        <a
          class="nav-link"
          href="/"
        >
          Home 
          <span
            class="sr-only"
          >
            (current)
          </span>
        </a>
      </li>
      <li
        class="nav-item"
      >
        <a
          class="nav-link"
          href="/login"
        >
          Login
        </a>
      </li>
      <li
        class="nav-item"
      >
        <a
          class="nav-link"
          href="/signup"
        >
          Sign-Up
        </a>
      </li>
      <li
        class="nav-item"
      >
        <a
          class="nav-link"
          href="/enquiries"
        >
          Enquiries
        </a>
      </li>
      <li
        class="nav-item"
      >
        <a
          class="nav-link"
          href="/users"
        >
          Users
        </a>
      </li>
    </ul>
  </div>
</nav>
`;
